17:46:07 **** Build of configuration Release for project Test2_LoRa_STM32F103_Receiver ****
make -j4 all 
arm-none-eabi-gcc "../Core/Src/main.c" -mcpu=cortex-m3 -std=gnu11 -DUSE_HAL_DRIVER -DSTM32F103xB -c -I../Core/Inc -I../Drivers/STM32F1xx_HAL_Driver/Inc -I../Drivers/STM32F1xx_HAL_Driver/Inc/Legacy -I../Drivers/CMSIS/Device/ST/STM32F1xx/Include -I../Drivers/CMSIS/Include -Os -ffunction-sections -fdata-sections -Wall -fstack-usage -fcyclomatic-complexity -MMD -MP -MF"Core/Src/main.d" -MT"Core/Src/main.o" --specs=nano.specs -mfloat-abi=soft -mthumb -o "Core/Src/main.o"
../Core/Src/main.c: In function 'main':
../Core/Src/main.c:85:13: warning: unused variable 'ret' [-Wunused-variable]
   85 |     uint8_t ret;
      |             ^~~
arm-none-eabi-gcc -o "Test2_LoRa_STM32F103_Receiver.elf" @"objects.list"   -mcpu=cortex-m3 -T"C:\Users\penta\Documents\stm32\Test2_LoRa_STM32F103_Receiver\STM32F103C8TX_FLASH.ld" --specs=nosys.specs -Wl,-Map="Test2_LoRa_STM32F103_Receiver.map" -Wl,--gc-sections -static --specs=nano.specs -mfloat-abi=soft -mthumb -Wl,--start-group -lc -lm -Wl,--end-group
Finished building target: Test2_LoRa_STM32F103_Receiver.elf
 
arm-none-eabi-size  Test2_LoRa_STM32F103_Receiver.elf 
arm-none-eabi-objdump -h -S Test2_LoRa_STM32F103_Receiver.elf  > "Test2_LoRa_STM32F103_Receiver.list"
   text	   data	    bss	    dec	    hex	filename
   9984	     92	   2164	  12240	   2fd0	Test2_LoRa_STM32F103_Receiver.elf
Finished building: default.size.stdout
 
Finished building: Test2_LoRa_STM32F103_Receiver.list
 
